// Jest Snapshot v1, https://goo.gl/fbAQLP

exports[`Link renders correctly 1`] = `
<View
  accessible={true}
  isTVSelectable={true}
  onResponderGrant={[Function]}
  onResponderMove={[Function]}
  onResponderRelease={[Function]}
  onResponderTerminate={[Function]}
  onResponderTerminationRequest={[Function]}
  onStartShouldSetResponder={[Function]}
  style={
    Object {
      "opacity": 1,
    }
  }
>
  <Text
    style={
      Array [
        Object {
          "fontFamily": "Bariol",
        },
        Object {
          "fontSize": 16,
        },
        Array [
          Object {
            "color": "#FFFFFF",
          },
          Object {
            "fontSize": 14,
          },
          Object {
            "textDecorationLine": "underline",
          },
        ],
      ]
    }
  >
    I'm a link!
  </Text>
</View>
`;
